Teste de inicialização de log - diagnostic.log
Teste de inicialização de log - diagnostic.log
Teste de inicialização de log - diagnostic.log
Teste de inicialização de log - diagnostic.log
Teste de inicialização de log - diagnostic.log
Teste de inicialização de log - diagnostic.log
Teste de inicialização de log - diagnostic.log
Teste de inicialização de log - diagnostic.log
Teste de inicialização de log - diagnostic.log
Teste de inicialização de log - diagnostic.log
Teste de inicialização de log - diagnostic.log
Teste de inicialização de log - diagnostic.log
Teste de inicialização de log - diagnostic.log
Teste de inicialização de log - diagnostic.log
Teste de inicialização de log - diagnostic.log
Teste de inicialização de log - diagnostic.log
Teste de inicialização de log - diagnostic.log
Teste de inicialização de log - diagnostic.log
Teste de inicialização de log - diagnostic.log
Teste de inicialização de log - diagnostic.log
Teste de inicialização de log - diagnostic.log
Teste de inicialização de log - diagnostic.log
Teste de inicialização de log - diagnostic.log
Teste de inicialização de log - diagnostic.log
Teste de inicialização de log - diagnostic.log
Teste de inicialização de log - diagnostic.log
Teste de inicialização de log - diagnostic.log
Teste de inicialização de log - diagnostic.log
Teste de inicialização de log - diagnostic.log
Teste de inicialização de log - diagnostic.log
Teste de inicialização de log - diagnostic.log
Teste de inicialização de log - diagnostic.log
Teste de inicialização de log - diagnostic.log
Teste de inicialização de log - diagnostic.log
Teste de inicialização de log - diagnostic.log
Teste de inicialização de log - diagnostic.log
Teste de inicialização de log - diagnostic.log
Teste de inicialização de log - diagnostic.log
Teste de inicialização de log - diagnostic.log
Teste de inicialização de log - diagnostic.log
Teste de inicialização de log - diagnostic.log
Teste de inicialização de log - diagnostic.log
Teste de inicialização de log - diagnostic.log
Teste de inicialização de log - diagnostic.log
Teste de inicialização de log - diagnostic.log
Teste de inicialização de log - diagnostic.log
Teste de inicialização de log - diagnostic.log
Teste de inicialização de log - diagnostic.log
Teste de inicialização de log - diagnostic.log
Teste de inicialização de log - diagnostic.log
Teste de inicialização de log - diagnostic.log
Teste de inicialização de log - diagnostic.log
Teste de inicialização de log - diagnostic.log
Teste de inicialização de log - diagnostic.log
Teste de inicialização de log - diagnostic.log
Teste de inicialização de log - diagnostic.log
Teste de inicialização de log - diagnostic.log
Teste de inicialização de log - diagnostic.log
Teste de inicialização de log - diagnostic.log
Teste de inicialização de log - diagnostic.log
Teste de inicialização de log - diagnostic.log
Teste de inicialização de log - diagnostic.log
Teste de inicialização de log - diagnostic.log
Teste de inicialização de log - diagnostic.log
Teste de inicialização de log - diagnostic.log
Teste de inicialização de log - diagnostic.log
Teste de inicialização de log - diagnostic.log
Teste de inicialização de log - diagnostic.log
Teste de inicialização de log - diagnostic.log
Teste de inicialização de log - diagnostic.log
Teste de inicialização de log - diagnostic.log
Teste de inicialização de log - diagnostic.log
Teste de inicialização de log - diagnostic.log
Teste de inicialização de log - diagnostic.log
Teste de inicialização de log - diagnostic.log
Teste de inicialização de log - diagnostic.log
Teste de inicialização de log - diagnostic.log
Teste de inicialização de log - diagnostic.log
Teste de inicialização de log - diagnostic.log
Teste de inicialização de log - diagnostic.log
Teste de inicialização de log - diagnostic.log
Teste de inicialização de log - diagnostic.log
Teste de inicialização de log - diagnostic.log
Teste de inicialização de log - diagnostic.log
Teste de inicialização de log - diagnostic.log
Teste de inicialização de log - diagnostic.log
Teste de inicialização de log - diagnostic.log
Teste de inicialização de log - diagnostic.log
Teste de inicialização de log - diagnostic.log
Teste de inicialização de log - diagnostic.log
Teste de inicialização de log - diagnostic.log
Teste de inicialização de log - diagnostic.log
Teste de inicialização de log - diagnostic.log
Teste de inicialização de log - diagnostic.log
Teste de inicialização de log - diagnostic.log
Teste de inicialização de log - diagnostic.log
Teste de inicialização de log - diagnostic.log
Teste de inicialização de log - diagnostic.log
Teste de inicialização de log - diagnostic.log
Teste de inicialização de log - diagnostic.log
Teste de inicialização de log - diagnostic.log
Teste de inicialização de log - diagnostic.log
Teste de inicialização de log - diagnostic.log
Teste de inicialização de log - diagnostic.log
Teste de inicialização de log - diagnostic.log
Teste de inicialização de log - diagnostic.log
Teste de inicialização de log - diagnostic.log
Teste de inicialização de log - diagnostic.log
Teste de inicialização de log - diagnostic.log
Teste de inicialização de log - diagnostic.log
Teste de inicialização de log - diagnostic.log
Teste de inicialização de log - diagnostic.log
Teste de inicialização de log - diagnostic.log
Teste de inicialização de log - diagnostic.log
Teste de inicialização de log - diagnostic.log
Teste de inicialização de log - diagnostic.log
Teste de inicialização de log - diagnostic.log
Teste de inicialização de log - diagnostic.log
Teste de inicialização de log - diagnostic.log
Teste de inicialização de log - diagnostic.log
Teste de inicialização de log - diagnostic.log
Teste de inicialização de log - diagnostic.log
Teste de inicialização de log - diagnostic.log
Teste de inicialização de log - diagnostic.log
Teste de inicialização de log - diagnostic.log
Teste de inicialização de log - diagnostic.log
Teste de inicialização de log - diagnostic.log
Teste de inicialização de log - diagnostic.log
Teste de inicialização de log - diagnostic.log
Teste de inicialização de log - diagnostic.log
Teste de inicialização de log - diagnostic.log
Teste de inicialização de log - diagnostic.log
Teste de inicialização de log - diagnostic.log
Teste de inicialização de log - diagnostic.log
Teste de inicialização de log - diagnostic.log
Teste de inicialização de log - diagnostic.log
Teste de inicialização de log - diagnostic.log
Teste de inicialização de log - diagnostic.log
Teste de inicialização de log - diagnostic.log
Teste de inicialização de log - diagnostic.log
Teste de inicialização de log - diagnostic.log
Teste de inicialização de log - diagnostic.log
Teste de inicialização de log - diagnostic.log
Teste de inicialização de log - diagnostic.log
Teste de inicialização de log - diagnostic.log
Teste de inicialização de log - diagnostic.log
Teste de inicialização de log - diagnostic.log
Teste de inicialização de log - diagnostic.log
Teste de inicialização de log - diagnostic.log
Teste de inicialização de log - diagnostic.log
Teste de inicialização de log - diagnostic.log
Teste de inicialização de log - diagnostic.log
Teste de inicialização de log - diagnostic.log
2025-06-01 16:16:53,662 - root - INFO - Teste de escrita em diagnostic.log.
Teste de inicialização de log - diagnostic.log
2025-06-01 16:16:53,897 - django.setup - INFO - Teste de log durante inicialização do Django
2025-06-01 16:16:54,497 - __main__ - INFO - Iniciando script de importação de clientes.
2025-06-01 16:16:55,270 - __main__ - INFO - Base de dados zerada com sucesso (apenas para ambiente de desenvolvimento/teste).
2025-06-01 16:16:55,290 - __main__ - CRITICAL - Erro fatal: Arquivo não encontrado: [Errno 2] No such file or directory: 'receita.xlsx - Planilha1.csv'
Traceback (most recent call last):
  File "/Users/joseantoniopaiva/pythonprojects/bluney_projetos/portalcomercial/importar_clientes.py", line 177, in run_import
    receita_df = pd.read_csv('receita.xlsx - Planilha1.csv', dtype=str, keep_default_na=False)
  File "/Users/joseantoniopaiva/pythonprojects/bluney_projetos/.venv/lib/python3.13/site-packages/pandas/io/parsers/readers.py", line 1026, in read_csv
    return _read(filepath_or_buffer, kwds)
  File "/Users/joseantoniopaiva/pythonprojects/bluney_projetos/.venv/lib/python3.13/site-packages/pandas/io/parsers/readers.py", line 620, in _read
    parser = TextFileReader(filepath_or_buffer, **kwds)
  File "/Users/joseantoniopaiva/pythonprojects/bluney_projetos/.venv/lib/python3.13/site-packages/pandas/io/parsers/readers.py", line 1620, in __init__
    self._engine = self._make_engine(f, self.engine)
                   ~~~~~~~~~~~~~~~~~^^^^^^^^^^^^^^^^
  File "/Users/joseantoniopaiva/pythonprojects/bluney_projetos/.venv/lib/python3.13/site-packages/pandas/io/parsers/readers.py", line 1880, in _make_engine
    self.handles = get_handle(
                   ~~~~~~~~~~^
        f,
        ^^
    ...<6 lines>...
        storage_options=self.options.get("storage_options", None),
        ^^^^^^^^^^^^^^^^^^^^^^^^^^^^^^^^^^^^^^^^^^^^^^^^^^^^^^^^^^
    )
    ^
  File "/Users/joseantoniopaiva/pythonprojects/bluney_projetos/.venv/lib/python3.13/site-packages/pandas/io/common.py", line 873, in get_handle
    handle = open(
        handle,
    ...<3 lines>...
        newline="",
    )
FileNotFoundError: [Errno 2] No such file or directory: 'receita.xlsx - Planilha1.csv'
2025-06-01 16:16:55,297 - __main__ - INFO - Script de importação de clientes finalizado.
2025-06-01 16:17:26,972 - root - INFO - Teste de escrita em diagnostic.log.
Teste de inicialização de log - diagnostic.log
2025-06-01 16:17:27,201 - django.setup - INFO - Teste de log durante inicialização do Django
2025-06-01 16:17:27,801 - __main__ - INFO - Iniciando script de importação de clientes.
2025-06-01 16:17:28,122 - __main__ - INFO - Base de dados zerada com sucesso (apenas para ambiente de desenvolvimento/teste).
2025-06-01 16:17:28,136 - __main__ - CRITICAL - Erro fatal: Arquivo não encontrado: [Errno 2] No such file or directory: 'receita.xlsx - Planilha1.csv'
Traceback (most recent call last):
  File "/Users/joseantoniopaiva/pythonprojects/bluney_projetos/portalcomercial/importar_clientes.py", line 177, in run_import
    receita_df = pd.read_csv('receita.xlsx - Planilha1.csv', dtype=str, keep_default_na=False)
  File "/Users/joseantoniopaiva/pythonprojects/bluney_projetos/.venv/lib/python3.13/site-packages/pandas/io/parsers/readers.py", line 1026, in read_csv
    return _read(filepath_or_buffer, kwds)
  File "/Users/joseantoniopaiva/pythonprojects/bluney_projetos/.venv/lib/python3.13/site-packages/pandas/io/parsers/readers.py", line 620, in _read
    parser = TextFileReader(filepath_or_buffer, **kwds)
  File "/Users/joseantoniopaiva/pythonprojects/bluney_projetos/.venv/lib/python3.13/site-packages/pandas/io/parsers/readers.py", line 1620, in __init__
    self._engine = self._make_engine(f, self.engine)
                   ~~~~~~~~~~~~~~~~~^^^^^^^^^^^^^^^^
  File "/Users/joseantoniopaiva/pythonprojects/bluney_projetos/.venv/lib/python3.13/site-packages/pandas/io/parsers/readers.py", line 1880, in _make_engine
    self.handles = get_handle(
                   ~~~~~~~~~~^
        f,
        ^^
    ...<6 lines>...
        storage_options=self.options.get("storage_options", None),
        ^^^^^^^^^^^^^^^^^^^^^^^^^^^^^^^^^^^^^^^^^^^^^^^^^^^^^^^^^^
    )
    ^
  File "/Users/joseantoniopaiva/pythonprojects/bluney_projetos/.venv/lib/python3.13/site-packages/pandas/io/common.py", line 873, in get_handle
    handle = open(
        handle,
    ...<3 lines>...
        newline="",
    )
FileNotFoundError: [Errno 2] No such file or directory: 'receita.xlsx - Planilha1.csv'
2025-06-01 16:17:28,140 - __main__ - INFO - Script de importação de clientes finalizado.
Teste de inicialização de log - diagnostic.log
Teste de inicialização de log - diagnostic.log
Teste de inicialização de log - diagnostic.log
Teste de inicialização de log - diagnostic.log
Teste de inicialização de log - diagnostic.log
Teste de inicialização de log - diagnostic.log
Teste de inicialização de log - diagnostic.log
Teste de inicialização de log - diagnostic.log
Teste de inicialização de log - diagnostic.log
Teste de inicialização de log - diagnostic.log
Teste de inicialização de log - diagnostic.log
Teste de inicialização de log - diagnostic.log
Teste de inicialização de log - diagnostic.log
Teste de inicialização de log - diagnostic.log
Teste de inicialização de log - diagnostic.log
Teste de inicialização de log - diagnostic.log
Teste de inicialização de log - diagnostic.log
Teste de inicialização de log - diagnostic.log
Teste de inicialização de log - diagnostic.log
Teste de inicialização de log - diagnostic.log
Teste de inicialização de log - diagnostic.log
Teste de inicialização de log - diagnostic.log
Teste de inicialização de log - diagnostic.log
Teste de inicialização de log - diagnostic.log
Teste de inicialização de log - diagnostic.log
Teste de inicialização de log - diagnostic.log
Teste de inicialização de log - diagnostic.log
Teste de inicialização de log - diagnostic.log
Teste de inicialização de log - diagnostic.log
Teste de inicialização de log - diagnostic.log
Teste de inicialização de log - diagnostic.log
Teste de inicialização de log - diagnostic.log
Teste de inicialização de log - diagnostic.log
Teste de inicialização de log - diagnostic.log
Teste de inicialização de log - diagnostic.log
Teste de inicialização de log - diagnostic.log
Teste de inicialização de log - diagnostic.log
Teste de inicialização de log - diagnostic.log
Teste de inicialização de log - diagnostic.log
Teste de inicialização de log - diagnostic.log
Teste de inicialização de log - diagnostic.log
Teste de inicialização de log - diagnostic.log
Teste de inicialização de log - diagnostic.log
Teste de inicialização de log - diagnostic.log
Teste de inicialização de log - diagnostic.log
Teste de inicialização de log - diagnostic.log
Teste de inicialização de log - diagnostic.log
Teste de inicialização de log - diagnostic.log
Teste de inicialização de log - diagnostic.log
Teste de inicialização de log - diagnostic.log
Teste de inicialização de log - diagnostic.log
Teste de inicialização de log - diagnostic.log
Teste de inicialização de log - diagnostic.log
Teste de inicialização de log - diagnostic.log
Teste de inicialização de log - diagnostic.log
Teste de inicialização de log - diagnostic.log
Teste de inicialização de log - diagnostic.log
Teste de inicialização de log - diagnostic.log
Teste de inicialização de log - diagnostic.log
Teste de inicialização de log - diagnostic.log
Teste de inicialização de log - diagnostic.log
Teste de inicialização de log - diagnostic.log
Teste de inicialização de log - diagnostic.log
Teste de inicialização de log - diagnostic.log
Teste de inicialização de log - diagnostic.log
Teste de inicialização de log - diagnostic.log
Teste de inicialização de log - diagnostic.log
Teste de inicialização de log - diagnostic.log
Teste de inicialização de log - diagnostic.log
Teste de inicialização de log - diagnostic.log
Teste de inicialização de log - diagnostic.log
Teste de inicialização de log - diagnostic.log
Teste de inicialização de log - diagnostic.log
Teste de inicialização de log - diagnostic.log
Teste de inicialização de log - diagnostic.log
Teste de inicialização de log - diagnostic.log
Teste de inicialização de log - diagnostic.log
Teste de inicialização de log - diagnostic.log
Teste de inicialização de log - diagnostic.log
Teste de inicialização de log - diagnostic.log
Teste de inicialização de log - diagnostic.log
Teste de inicialização de log - diagnostic.log
Teste de inicialização de log - diagnostic.log
Teste de inicialização de log - diagnostic.log
Teste de inicialização de log - diagnostic.log
Teste de inicialização de log - diagnostic.log
Teste de inicialização de log - diagnostic.log
Teste de inicialização de log - diagnostic.log
Teste de inicialização de log - diagnostic.log
Teste de inicialização de log - diagnostic.log
Teste de inicialização de log - diagnostic.log
Teste de inicialização de log - diagnostic.log
Teste de inicialização de log - diagnostic.log
Teste de inicialização de log - diagnostic.log
Teste de inicialização de log - diagnostic.log
2025-06-01 21:19:18,490 - Teste de escrita em diagnostic.log bem-sucedido
Teste de inicialização de log - diagnostic.log
Teste de inicialização de log - diagnostic.log
Teste de inicialização de log - diagnostic.log
Teste de inicialização de log - diagnostic.log
Teste de inicialização de log - diagnostic.log
Teste de inicialização de log - diagnostic.log
Teste de inicialização de log - diagnostic.log
Teste de inicialização de log - diagnostic.log
Teste de inicialização de log - diagnostic.log
Teste de inicialização de log - diagnostic.log
Teste de inicialização de log - diagnostic.log
Teste de inicialização de log - diagnostic.log
Teste de inicialização de log - diagnostic.log
Teste de inicialização de log - diagnostic.log
Teste de inicialização de log - diagnostic.log
Teste de inicialização de log - diagnostic.log
Teste de inicialização de log - diagnostic.log
Teste de inicialização de log - diagnostic.log
Teste de inicialização de log - diagnostic.log
Teste de inicialização de log - diagnostic.log
Teste de inicialização de log - diagnostic.log
Teste de inicialização de log - diagnostic.log
Teste de inicialização de log - diagnostic.log
Teste de inicialização de log - diagnostic.log
Teste de inicialização de log - diagnostic.log
Teste de inicialização de log - diagnostic.log
Teste de inicialização de log - diagnostic.log
Teste de inicialização de log - diagnostic.log
Teste de inicialização de log - diagnostic.log
Teste de inicialização de log - diagnostic.log
Teste de inicialização de log - diagnostic.log
Teste de inicialização de log - diagnostic.log
Teste de inicialização de log - diagnostic.log
Teste de inicialização de log - diagnostic.log
Teste de inicialização de log - diagnostic.log
Teste de inicialização de log - diagnostic.log
Teste de inicialização de log - diagnostic.log
Teste de inicialização de log - diagnostic.log
Teste de inicialização de log - diagnostic.log
Teste de inicialização de log - diagnostic.log
Teste de inicialização de log - diagnostic.log
Teste de inicialização de log - diagnostic.log
Teste de inicialização de log - diagnostic.log
Teste de inicialização de log - diagnostic.log
Teste de inicialização de log - diagnostic.log
Teste de inicialização de log - diagnostic.log
Teste de inicialização de log - diagnostic.log
Teste de inicialização de log - diagnostic.log
Teste de inicialização de log - diagnostic.log
Teste de inicialização de log - diagnostic.log
Teste de inicialização de log - diagnostic.log
Teste de inicialização de log - diagnostic.log
Teste de inicialização de log - diagnostic.log
Teste de inicialização de log - diagnostic.log
Teste de inicialização de log - diagnostic.log
Teste de inicialização de log - diagnostic.log
Teste de inicialização de log - diagnostic.log
Teste de inicialização de log - diagnostic.log
Teste de inicialização de log - diagnostic.log
Teste de inicialização de log - diagnostic.log
Teste de inicialização de log - diagnostic.log
Teste de inicialização de log - diagnostic.log
Teste de inicialização de log - diagnostic.log
Teste de inicialização de log - diagnostic.log
Teste de inicialização de log - diagnostic.log
Teste de inicialização de log - diagnostic.log
Teste de inicialização de log - diagnostic.log
Teste de inicialização de log - diagnostic.log
Teste de inicialização de log - diagnostic.log
Teste de inicialização de log - diagnostic.log
Teste de inicialização de log - diagnostic.log
Teste de inicialização de log - diagnostic.log
Teste de inicialização de log - diagnostic.log
Teste de inicialização de log - diagnostic.log
Teste de inicialização de log - diagnostic.log
Teste de inicialização de log - diagnostic.log
Teste de inicialização de log - diagnostic.log
Teste de inicialização de log - diagnostic.log
Teste de inicialização de log - diagnostic.log
Teste de inicialização de log - diagnostic.log
Teste de inicialização de log - diagnostic.log
Teste de inicialização de log - diagnostic.log
Teste de inicialização de log - diagnostic.log
Teste de inicialização de log - diagnostic.log
Teste de inicialização de log - diagnostic.log
Teste de inicialização de log - diagnostic.log
Teste de inicialização de log - diagnostic.log
Teste de inicialização de log - diagnostic.log
Teste de inicialização de log - diagnostic.log
Teste de inicialização de log - diagnostic.log
Teste de inicialização de log - diagnostic.log
Teste de inicialização de log - diagnostic.log
Teste de inicialização de log - diagnostic.log
Teste de inicialização de log - diagnostic.log
Teste de inicialização de log - diagnostic.log
Teste de inicialização de log - diagnostic.log
Teste de inicialização de log - diagnostic.log
Teste de inicialização de log - diagnostic.log
Teste de inicialização de log - diagnostic.log
Teste de inicialização de log - diagnostic.log
Teste de inicialização de log - diagnostic.log
Teste de inicialização de log - diagnostic.log
Teste de inicialização de log - diagnostic.log
Teste de inicialização de log - diagnostic.log
Teste de inicialização de log - diagnostic.log
Teste de inicialização de log - diagnostic.log
Teste de inicialização de log - diagnostic.log
Teste de inicialização de log - diagnostic.log
Teste de inicialização de log - diagnostic.log
Teste de inicialização de log - diagnostic.log
Teste de inicialização de log - diagnostic.log
Teste de inicialização de log - diagnostic.log
Teste de inicialização de log - diagnostic.log
Teste de inicialização de log - diagnostic.log
Teste de inicialização de log - diagnostic.log
Teste de inicialização de log - diagnostic.log
Teste de inicialização de log - diagnostic.log
Teste de inicialização de log - diagnostic.log
Teste de inicialização de log - diagnostic.log
Teste de inicialização de log - diagnostic.log
Teste de inicialização de log - diagnostic.log
Teste de inicialização de log - diagnostic.log
Teste de inicialização de log - diagnostic.log
Teste de inicialização de log - diagnostic.log
Teste de inicialização de log - diagnostic.log
Teste de inicialização de log - diagnostic.log
Teste de inicialização de log - diagnostic.log
Teste de inicialização de log - diagnostic.log
Teste de inicialização de log - diagnostic.log
Teste de inicialização de log - diagnostic.log
Teste de inicialização de log - diagnostic.log
Teste de inicialização de log - diagnostic.log
Teste de inicialização de log - diagnostic.log
Teste de inicialização de log - diagnostic.log
Teste de inicialização de log - diagnostic.log
Teste de inicialização de log - diagnostic.log
Teste de inicialização de log - diagnostic.log
Teste de inicialização de log - diagnostic.log
Teste de inicialização de log - diagnostic.log
Teste de inicialização de log - diagnostic.log
Teste de inicialização de log - diagnostic.log
Teste de inicialização de log - diagnostic.log
Teste de inicialização de log - diagnostic.log
Teste de inicialização de log - diagnostic.log
Teste de inicialização de log - diagnostic.log
Teste de inicialização de log - diagnostic.log
Teste de inicialização de log - diagnostic.log
Teste de inicialização de log - diagnostic.log
Teste de inicialização de log - diagnostic.log
Teste de inicialização de log - diagnostic.log
Teste de inicialização de log - diagnostic.log
Teste de inicialização de log - diagnostic.log
Teste de inicialização de log - diagnostic.log
Teste de inicialização de log - diagnostic.log
Teste de inicialização de log - diagnostic.log
Teste de inicialização de log - diagnostic.log
Teste de inicialização de log - diagnostic.log
Teste de inicialização de log - diagnostic.log
Teste de inicialização de log - diagnostic.log
Teste de inicialização de log - diagnostic.log
Teste de inicialização de log - diagnostic.log
Teste de inicialização de log - diagnostic.log
Teste de inicialização de log - diagnostic.log
Teste de inicialização de log - diagnostic.log
Teste de inicialização de log - diagnostic.log
Teste de inicialização de log - diagnostic.log
Teste de inicialização de log - diagnostic.log
Teste de inicialização de log - diagnostic.log
Teste de inicialização de log - diagnostic.log
Teste de inicialização de log - diagnostic.log
Teste de inicialização de log - diagnostic.log
Teste de inicialização de log - diagnostic.log
Teste de inicialização de log - diagnostic.log
Teste de inicialização de log - diagnostic.log
Teste de inicialização de log - diagnostic.log
Teste de inicialização de log - diagnostic.log
Teste de inicialização de log - diagnostic.log
Teste de inicialização de log - diagnostic.log
Teste de inicialização de log - diagnostic.log
Teste de inicialização de log - diagnostic.log
Teste de inicialização de log - diagnostic.log
Teste de inicialização de log - diagnostic.log
Teste de inicialização de log - diagnostic.log
Teste de inicialização de log - diagnostic.log
Teste de inicialização de log - diagnostic.log
Teste de inicialização de log - diagnostic.log
Teste de inicialização de log - diagnostic.log
Teste de inicialização de log - diagnostic.log
Teste de inicialização de log - diagnostic.log
Teste de inicialização de log - diagnostic.log
Teste de inicialização de log - diagnostic.log
Teste de inicialização de log - diagnostic.log
Teste de inicialização de log - diagnostic.log
Teste de inicialização de log - diagnostic.log
Teste de inicialização de log - diagnostic.log
Teste de inicialização de log - diagnostic.log
Teste de inicialização de log - diagnostic.log
Teste de inicialização de log - diagnostic.log
Teste de inicialização de log - diagnostic.log
Teste de inicialização de log - diagnostic.log
Teste de inicialização de log - diagnostic.log
Teste de inicialização de log - diagnostic.log
Teste de inicialização de log - diagnostic.log
Teste de inicialização de log - diagnostic.log
Teste de inicialização de log - diagnostic.log
Teste de inicialização de log - diagnostic.log
Teste de inicialização de log - diagnostic.log
Teste de inicialização de log - diagnostic.log
Teste de inicialização de log - diagnostic.log
Teste de inicialização de log - diagnostic.log
Teste de inicialização de log - diagnostic.log
Teste de inicialização de log - diagnostic.log
Teste de inicialização de log - diagnostic.log
Teste de inicialização de log - diagnostic.log
Teste de inicialização de log - diagnostic.log
Teste de inicialização de log - diagnostic.log
Teste de inicialização de log - diagnostic.log
Teste de inicialização de log - diagnostic.log
Teste de inicialização de log - diagnostic.log
Teste de inicialização de log - diagnostic.log
Teste de inicialização de log - diagnostic.log
Teste de inicialização de log - diagnostic.log
Teste de inicialização de log - diagnostic.log
Teste de inicialização de log - diagnostic.log
Teste de inicialização de log - diagnostic.log
Teste de inicialização de log - diagnostic.log
Teste de inicialização de log - diagnostic.log
Teste de inicialização de log - diagnostic.log
Teste de inicialização de log - diagnostic.log
Teste de inicialização de log - diagnostic.log
Teste de inicialização de log - diagnostic.log
Teste de inicialização de log - diagnostic.log
Teste de inicialização de log - diagnostic.log
Teste de inicialização de log - diagnostic.log
Teste de inicialização de log - diagnostic.log
Teste de inicialização de log - diagnostic.log
Teste de inicialização de log - diagnostic.log
Teste de inicialização de log - diagnostic.log
Teste de inicialização de log - diagnostic.log
Teste de inicialização de log - diagnostic.log
Teste de inicialização de log - diagnostic.log
Teste de inicialização de log - diagnostic.log
Teste de inicialização de log - diagnostic.log
Teste de inicialização de log - diagnostic.log
Teste de inicialização de log - diagnostic.log
Teste de inicialização de log - diagnostic.log
Teste de inicialização de log - diagnostic.log
Teste de inicialização de log - diagnostic.log
Teste de inicialização de log - diagnostic.log
Teste de inicialização de log - diagnostic.log
Teste de inicialização de log - diagnostic.log
Teste de inicialização de log - diagnostic.log
Teste de inicialização de log - diagnostic.log
Teste de inicialização de log - diagnostic.log
Teste de inicialização de log - diagnostic.log
Teste de inicialização de log - diagnostic.log
Teste de inicialização de log - diagnostic.log
Teste de inicialização de log - diagnostic.log
Teste de inicialização de log - diagnostic.log
Teste de inicialização de log - diagnostic.log
Teste de inicialização de log - diagnostic.log
Teste de inicialização de log - diagnostic.log
Teste de inicialização de log - diagnostic.log
Teste de inicialização de log - diagnostic.log
Teste de inicialização de log - diagnostic.log
Teste de inicialização de log - diagnostic.log
Teste de inicialização de log - diagnostic.log
Teste de inicialização de log - diagnostic.log
Teste de inicialização de log - diagnostic.log
Teste de inicialização de log - diagnostic.log
Teste de inicialização de log - diagnostic.log
Teste de inicialização de log - diagnostic.log
Teste de inicialização de log - diagnostic.log
Teste de inicialização de log - diagnostic.log
Teste de inicialização de log - diagnostic.log
Teste de inicialização de log - diagnostic.log
Teste de inicialização de log - diagnostic.log
Teste de inicialização de log - diagnostic.log
Teste de inicialização de log - diagnostic.log
Teste de inicialização de log - diagnostic.log
Teste de inicialização de log - diagnostic.log
Teste de inicialização de log - diagnostic.log
Teste de inicialização de log - diagnostic.log
Teste de inicialização de log - diagnostic.log
Teste de inicialização de log - diagnostic.log
Teste de inicialização de log - diagnostic.log
Teste de inicialização de log - diagnostic.log
Teste de inicialização de log - diagnostic.log
Teste de inicialização de log - diagnostic.log
Teste de inicialização de log - diagnostic.log
Teste de inicialização de log - diagnostic.log
Teste de inicialização de log - diagnostic.log
Teste de inicialização de log - diagnostic.log
Teste de inicialização de log - diagnostic.log
Teste de inicialização de log - diagnostic.log
Teste de inicialização de log - diagnostic.log
Teste de inicialização de log - diagnostic.log
Teste de inicialização de log - diagnostic.log
Teste de inicialização de log - diagnostic.log
Teste de inicialização de log - diagnostic.log
Teste de inicialização de log - diagnostic.log
Teste de inicialização de log - diagnostic.log
Teste de inicialização de log - diagnostic.log
Teste de inicialização de log - diagnostic.log
Teste de inicialização de log - diagnostic.log
Teste de inicialização de log - diagnostic.log
Teste de inicialização de log - diagnostic.log
Teste de inicialização de log - diagnostic.log
Teste de inicialização de log - diagnostic.log
Teste de inicialização de log - diagnostic.log
Teste de inicialização de log - diagnostic.log
Teste de inicialização de log - diagnostic.log
[INFO] 2025-06-08 16:12:00,478 🧹 Cache limpo para vendedor 000 - nan
[INFO] 2025-06-08 16:12:28,106 🧹 Cache limpo para vendedor 023 - SDN - ELIANE DE CARV
[INFO] 2025-06-08 16:12:34,929 🧹 Cache limpo para vendedor 047 - CARLOS
[INFO] 2025-06-08 16:12:40,245 🧹 Cache limpo para vendedor 066 - TARSO HOTTA
[INFO] 2025-06-08 16:12:48,619 🧹 Cache limpo para vendedor 110 - SPA- MARIA SEGOVIA
[INFO] 2025-06-08 16:12:59,226 🧹 Cache limpo para vendedor 139 - nan
[INFO] 2025-06-08 16:13:04,633 🧹 Cache limpo para vendedor 140 - nan
[INFO] 2025-06-08 16:13:11,034 🧹 Cache limpo para vendedor 145 - PEDRO AUGUSTO
[INFO] 2025-06-08 16:13:17,976 🧹 Cache limpo para vendedor 201 - WAGNER TARDELLI
[INFO] 2025-06-08 16:13:24,226 🧹 Cache limpo para vendedor 207 - CARLOS ALBERTO ROQUE
[INFO] 2025-06-08 16:13:30,621 🧹 Cache limpo para vendedor 216 - EDMUNDO
[INFO] 2025-06-08 16:13:40,814 🧹 Cache limpo para vendedor 238 - RJA - LEVY DIAS RIBE
[INFO] 2025-06-08 16:13:52,880 🧹 Cache limpo para vendedor 256 - BFU - GERENCIA
[INFO] 2025-06-08 16:14:02,773 🧹 Cache limpo para vendedor 276 - CODIGO PILOTO
[INFO] 2025-06-08 16:14:14,609 🧹 Cache limpo para vendedor 418 - AILTON FROES
[INFO] 2025-06-08 16:14:32,463 🧹 Cache limpo para vendedor 999 - Outros
[INFO] 2025-06-08 16:14:41,142 🧹 Cache limpo para vendedor 900 - LABORTEC - SDN
[INFO] 2025-06-08 16:14:55,944 🧹 Cache limpo para vendedor 420 - ANDRE YOSHIAKI UEMUR
[INFO] 2025-06-08 16:15:09,878 🧹 Cache limpo para vendedor 550 - SPA - KAIO BESSA BAT
[INFO] 2025-06-08 16:15:20,910 🧹 Cache limpo para vendedor 800 - MITSUBISHI
[INFO] 2025-06-08 16:15:31,902 🧹 Cache limpo para vendedor 807 - MARCIO FUJI
Teste de inicialização de log - diagnostic.log
Teste de inicialização de log - diagnostic.log
Teste de inicialização de log - diagnostic.log
Teste de inicialização de log - diagnostic.log
Teste de inicialização de log - diagnostic.log
Teste de inicialização de log - diagnostic.log
Teste de inicialização de log - diagnostic.log
Teste de inicialização de log - diagnostic.log
Teste de inicialização de log - diagnostic.log
Teste de inicialização de log - diagnostic.log
Teste de inicialização de log - diagnostic.log
Teste de inicialização de log - diagnostic.log
Teste de inicialização de log - diagnostic.log
Teste de inicialização de log - diagnostic.log
Teste de inicialização de log - diagnostic.log
Teste de inicialização de log - diagnostic.log
Teste de inicialização de log - diagnostic.log
Teste de inicialização de log - diagnostic.log
Teste de inicialização de log - diagnostic.log
Teste de inicialização de log - diagnostic.log
Teste de inicialização de log - diagnostic.log
Teste de inicialização de log - diagnostic.log
Teste de inicialização de log - diagnostic.log
Teste de inicialização de log - diagnostic.log
Teste de inicialização de log - diagnostic.log
Teste de inicialização de log - diagnostic.log
Teste de inicialização de log - diagnostic.log
Teste de inicialização de log - diagnostic.log
Teste de inicialização de log - diagnostic.log
Teste de inicialização de log - diagnostic.log
Teste de inicialização de log - diagnostic.log
[INFO] 2025-06-11 17:38:52,865 🧹 Cache limpo para vendedor 418 - AILTON FROES
Teste de inicialização de log - diagnostic.log
Teste de inicialização de log - diagnostic.log
Teste de inicialização de log - diagnostic.log
Teste de inicialização de log - diagnostic.log
Teste de inicialização de log - diagnostic.log
Teste de inicialização de log - diagnostic.log
Teste de inicialização de log - diagnostic.log
Teste de inicialização de log - diagnostic.log
Teste de inicialização de log - diagnostic.log
Teste de inicialização de log - diagnostic.log
Teste de inicialização de log - diagnostic.log
Teste de inicialização de log - diagnostic.log
Teste de inicialização de log - diagnostic.log
Teste de inicialização de log - diagnostic.log
Teste de inicialização de log - diagnostic.log
Teste de inicialização de log - diagnostic.log
Teste de inicialização de log - diagnostic.log
Teste de inicialização de log - diagnostic.log
Teste de inicialização de log - diagnostic.log
Teste de inicialização de log - diagnostic.log
Teste de inicialização de log - diagnostic.log
Teste de inicialização de log - diagnostic.log
Teste de inicialização de log - diagnostic.log
Teste de inicialização de log - diagnostic.log
Teste de inicialização de log - diagnostic.log
Teste de inicialização de log - diagnostic.log
Teste de inicialização de log - diagnostic.log
Teste de inicialização de log - diagnostic.log
Teste de inicialização de log - diagnostic.log
Teste de inicialização de log - diagnostic.log
Teste de inicialização de log - diagnostic.log
Teste de inicialização de log - diagnostic.log
Teste de inicialização de log - diagnostic.log
Teste de inicialização de log - diagnostic.log
Teste de inicialização de log - diagnostic.log
Teste de inicialização de log - diagnostic.log
Teste de inicialização de log - diagnostic.log
Teste de inicialização de log - diagnostic.log
Teste de inicialização de log - diagnostic.log
Teste de inicialização de log - diagnostic.log
Teste de inicialização de log - diagnostic.log
Teste de inicialização de log - diagnostic.log
Teste de inicialização de log - diagnostic.log
Teste de inicialização de log - diagnostic.log
Teste de inicialização de log - diagnostic.log
Teste de inicialização de log - diagnostic.log
Teste de inicialização de log - diagnostic.log
Teste de inicialização de log - diagnostic.log
Teste de inicialização de log - diagnostic.log
Teste de inicialização de log - diagnostic.log
Teste de inicialização de log - diagnostic.log
Teste de inicialização de log - diagnostic.log
Teste de inicialização de log - diagnostic.log
Teste de inicialização de log - diagnostic.log
Teste de inicialização de log - diagnostic.log
Teste de inicialização de log - diagnostic.log
Teste de inicialização de log - diagnostic.log
Teste de inicialização de log - diagnostic.log
Teste de inicialização de log - diagnostic.log
Teste de inicialização de log - diagnostic.log
Teste de inicialização de log - diagnostic.log
Teste de inicialização de log - diagnostic.log
Teste de inicialização de log - diagnostic.log
Teste de inicialização de log - diagnostic.log
Teste de inicialização de log - diagnostic.log
Teste de inicialização de log - diagnostic.log
Teste de inicialização de log - diagnostic.log
Teste de inicialização de log - diagnostic.log
Teste de inicialização de log - diagnostic.log
Teste de inicialização de log - diagnostic.log
Teste de inicialização de log - diagnostic.log
Teste de inicialização de log - diagnostic.log
Teste de inicialização de log - diagnostic.log
Teste de inicialização de log - diagnostic.log
Teste de inicialização de log - diagnostic.log
Teste de inicialização de log - diagnostic.log
Teste de inicialização de log - diagnostic.log
Teste de inicialização de log - diagnostic.log
Teste de inicialização de log - diagnostic.log
Teste de inicialização de log - diagnostic.log
Teste de inicialização de log - diagnostic.log
Teste de inicialização de log - diagnostic.log
Teste de inicialização de log - diagnostic.log
Teste de inicialização de log - diagnostic.log
Teste de inicialização de log - diagnostic.log
Teste de inicialização de log - diagnostic.log
Teste de inicialização de log - diagnostic.log
Teste de inicialização de log - diagnostic.log
Teste de inicialização de log - diagnostic.log
Teste de inicialização de log - diagnostic.log
Teste de inicialização de log - diagnostic.log
Teste de inicialização de log - diagnostic.log
Teste de inicialização de log - diagnostic.log
Teste de inicialização de log - diagnostic.log
Teste de inicialização de log - diagnostic.log
Teste de inicialização de log - diagnostic.log
Teste de inicialização de log - diagnostic.log
Teste de inicialização de log - diagnostic.log
Teste de inicialização de log - diagnostic.log
Teste de inicialização de log - diagnostic.log
Teste de inicialização de log - diagnostic.log
Teste de inicialização de log - diagnostic.log
Teste de inicialização de log - diagnostic.log
Teste de inicialização de log - diagnostic.log
Teste de inicialização de log - diagnostic.log
Teste de inicialização de log - diagnostic.log
Teste de inicialização de log - diagnostic.log
Teste de inicialização de log - diagnostic.log
Teste de inicialização de log - diagnostic.log
Teste de inicialização de log - diagnostic.log
Teste de inicialização de log - diagnostic.log
Teste de inicialização de log - diagnostic.log
Teste de inicialização de log - diagnostic.log
Teste de inicialização de log - diagnostic.log
Teste de inicialização de log - diagnostic.log
Teste de inicialização de log - diagnostic.log
Teste de inicialização de log - diagnostic.log
Teste de inicialização de log - diagnostic.log
Teste de inicialização de log - diagnostic.log
Teste de inicialização de log - diagnostic.log
Teste de inicialização de log - diagnostic.log
Teste de inicialização de log - diagnostic.log
Teste de inicialização de log - diagnostic.log
Teste de inicialização de log - diagnostic.log
Teste de inicialização de log - diagnostic.log
Teste de inicialização de log - diagnostic.log
Teste de inicialização de log - diagnostic.log
Teste de inicialização de log - diagnostic.log
Teste de inicialização de log - diagnostic.log
Teste de inicialização de log - diagnostic.log
Teste de inicialização de log - diagnostic.log
Teste de inicialização de log - diagnostic.log
Teste de inicialização de log - diagnostic.log
Teste de inicialização de log - diagnostic.log
Teste de inicialização de log - diagnostic.log
Teste de inicialização de log - diagnostic.log
Teste de inicialização de log - diagnostic.log
Teste de inicialização de log - diagnostic.log
Teste de inicialização de log - diagnostic.log
Teste de inicialização de log - diagnostic.log
Teste de inicialização de log - diagnostic.log
Teste de inicialização de log - diagnostic.log
Teste de inicialização de log - diagnostic.log
Teste de inicialização de log - diagnostic.log
Teste de inicialização de log - diagnostic.log
Teste de inicialização de log - diagnostic.log
Teste de inicialização de log - diagnostic.log
Teste de inicialização de log - diagnostic.log
Teste de inicialização de log - diagnostic.log
Teste de inicialização de log - diagnostic.log
Teste de inicialização de log - diagnostic.log
Teste de inicialização de log - diagnostic.log
Teste de inicialização de log - diagnostic.log
Teste de inicialização de log - diagnostic.log
Teste de inicialização de log - diagnostic.log
Teste de inicialização de log - diagnostic.log
Teste de inicialização de log - diagnostic.log
Teste de inicialização de log - diagnostic.log
Teste de inicialização de log - diagnostic.log
Teste de inicialização de log - diagnostic.log
Teste de inicialização de log - diagnostic.log
Teste de inicialização de log - diagnostic.log
Teste de inicialização de log - diagnostic.log
Teste de inicialização de log - diagnostic.log
Teste de inicialização de log - diagnostic.log
Teste de inicialização de log - diagnostic.log
Teste de inicialização de log - diagnostic.log
Teste de inicialização de log - diagnostic.log
Teste de inicialização de log - diagnostic.log
Teste de inicialização de log - diagnostic.log
Teste de inicialização de log - diagnostic.log
Teste de inicialização de log - diagnostic.log
Teste de inicialização de log - diagnostic.log
Teste de inicialização de log - diagnostic.log
Teste de inicialização de log - diagnostic.log
Teste de inicialização de log - diagnostic.log
Teste de inicialização de log - diagnostic.log
Teste de inicialização de log - diagnostic.log
Teste de inicialização de log - diagnostic.log
Teste de inicialização de log - diagnostic.log
Teste de inicialização de log - diagnostic.log
Teste de inicialização de log - diagnostic.log
Teste de inicialização de log - diagnostic.log
Teste de inicialização de log - diagnostic.log
Teste de inicialização de log - diagnostic.log
Teste de inicialização de log - diagnostic.log
Teste de inicialização de log - diagnostic.log
Teste de inicialização de log - diagnostic.log
Teste de inicialização de log - diagnostic.log
Teste de inicialização de log - diagnostic.log
Teste de inicialização de log - diagnostic.log
Teste de inicialização de log - diagnostic.log
Teste de inicialização de log - diagnostic.log
Teste de inicialização de log - diagnostic.log
Teste de inicialização de log - diagnostic.log
Teste de inicialização de log - diagnostic.log
Teste de inicialização de log - diagnostic.log
Teste de inicialização de log - diagnostic.log
Teste de inicialização de log - diagnostic.log
Teste de inicialização de log - diagnostic.log
Teste de inicialização de log - diagnostic.log
Teste de inicialização de log - diagnostic.log
Teste de inicialização de log - diagnostic.log
Teste de inicialização de log - diagnostic.log
Teste de inicialização de log - diagnostic.log
